Fetching deployment "crmapaxprecatorios-7rt2epckv-grupo-apax.vercel.app" in grupo-apax
2026-04-04T20:44:43.391Z  Running build in Washington, D.C., USA (East) – iad1
2026-04-04T20:44:43.391Z  Build machine configuration: 4 cores, 8 GB
2026-04-04T20:44:43.515Z  Retrieving list of deployment files...
2026-04-04T20:44:43.518Z  Previous build caches not available.
2026-04-04T20:44:43.973Z  Concatenating deployment archive files...
2026-04-04T20:44:43.974Z  Extracting deployment files...
2026-04-04T20:44:44.564Z  Extracted 511 deployment files...
2026-04-04T20:44:44.957Z  Running "vercel build"
2026-04-04T20:44:45.587Z  Vercel CLI 50.38.2
2026-04-04T20:44:46.037Z  Installing dependencies...
2026-04-04T20:44:50.108Z  npm warn deprecated rimraf@3.0.2: Rimraf versions prior to v4 are no longer supported
2026-04-04T20:44:51.009Z  npm warn deprecated inflight@1.0.6: This module is not supported, and leaks memory. Do not use it. Check out lru-cache if you want a good and tested way to coalesce async requests by a key value, which is much more comprehensive and powerful.
2026-04-04T20:44:51.097Z  npm warn deprecated glob@7.2.3: Glob versions prior to v9 are no longer supported
2026-04-04T20:44:52.705Z  npm warn deprecated node-domexception@1.0.0: Use your platform's native DOMException instead
2026-04-04T20:44:54.199Z  npm warn deprecated @humanwhocodes/config-array@0.13.0: Use @eslint/config-array instead
2026-04-04T20:44:54.381Z  npm warn deprecated @humanwhocodes/object-schema@2.0.3: Use @eslint/object-schema instead
2026-04-04T20:45:02.045Z  npm warn deprecated eslint@8.57.1: This version is no longer supported. Please see https://eslint.org/version-support for other options.
2026-04-04T20:45:11.739Z  
2026-04-04T20:45:11.739Z  added 964 packages in 25s
2026-04-04T20:45:11.740Z  
2026-04-04T20:45:11.740Z  248 packages are looking for funding
2026-04-04T20:45:11.740Z  run `npm fund` for details
2026-04-04T20:45:11.837Z  Detected Next.js version: 15.5.9
2026-04-04T20:45:11.846Z  Running "npm run build"
2026-04-04T20:45:11.949Z  
2026-04-04T20:45:11.949Z  > Blackbox AI clone@1.6.43 build
2026-04-04T20:45:11.949Z  > next build
2026-04-04T20:45:11.949Z  
2026-04-04T20:45:12.491Z  Attention: Next.js now collects completely anonymous telemetry regarding usage.
2026-04-04T20:45:12.492Z  This information is used to shape Next.js' roadmap and prioritize features.
2026-04-04T20:45:12.492Z  You can learn more, including how to opt-out if you'd not like to participate in this anonymous program, by visiting the following URL:
2026-04-04T20:45:12.492Z  https://nextjs.org/telemetry
2026-04-04T20:45:12.492Z  
2026-04-04T20:45:12.576Z  ▲ Next.js 15.5.9
2026-04-04T20:45:12.576Z  
2026-04-04T20:45:12.618Z  Creating an optimized production build ...
2026-04-04T20:45:38.061Z  Failed to compile.
2026-04-04T20:45:38.061Z  
2026-04-04T20:45:38.061Z  ./app/(dashboard)/acesso-controlado/page.tsx
2026-04-04T20:45:38.062Z  Module not found: Can't resolve '@/lib/supabase/client'
2026-04-04T20:45:38.062Z  
2026-04-04T20:45:38.062Z  https://nextjs.org/docs/messages/module-not-found
2026-04-04T20:45:38.062Z  
2026-04-04T20:45:38.062Z  ./app/(dashboard)/admin/precatorios/page.tsx
2026-04-04T20:45:38.062Z  Module not found: Can't resolve '@/lib/supabase/client'
2026-04-04T20:45:38.062Z  
2026-04-04T20:45:38.062Z  https://nextjs.org/docs/messages/module-not-found
2026-04-04T20:45:38.062Z  
2026-04-04T20:45:38.062Z  ./app/(dashboard)/admin/telemetria/page.tsx
2026-04-04T20:45:38.062Z  Module not found: Can't resolve '@/lib/supabase/client'
2026-04-04T20:45:38.062Z  
2026-04-04T20:45:38.062Z  https://nextjs.org/docs/messages/module-not-found
2026-04-04T20:45:38.062Z  
2026-04-04T20:45:38.062Z  ./app/(dashboard)/admin/usuarios/actions.ts
2026-04-04T20:45:38.063Z  Module not found: Can't resolve '@/lib/supabase/client'
2026-04-04T20:45:38.063Z  
2026-04-04T20:45:38.063Z  https://nextjs.org/docs/messages/module-not-found
2026-04-04T20:45:38.063Z  
2026-04-04T20:45:38.063Z  Import trace for requested module:
2026-04-04T20:45:38.063Z  ./app/(dashboard)/admin/usuarios/page.tsx
2026-04-04T20:45:38.063Z  
2026-04-04T20:45:38.063Z  ./app/(dashboard)/admin/usuarios/detalhes/page.tsx
2026-04-04T20:45:38.063Z  Module not found: Can't resolve '@/lib/supabase/client'
2026-04-04T20:45:38.063Z  
2026-04-04T20:45:38.063Z  https://nextjs.org/docs/messages/module-not-found
2026-04-04T20:45:38.063Z  
2026-04-04T20:45:38.065Z  
2026-04-04T20:45:38.065Z  > Build failed because of webpack errors
2026-04-04T20:45:38.159Z  Error: Command "npm run build" exited with 1
status	● Error
